Writing file LICENSE.txt with 1517 byte(s)
Writing section #0: Size = 12, Size after compression = 12
Writing section #1: Size = 1529, Size after compression = 1529
