====> BPX Main Header <====
Type: P
Version: 1
File size: 1629
Number of sections: 2
====> End <====

