====> BPX Main Header <====
Type: P
Version: 1
File size: 1629
Number of sections: 2
====> End <====

====> BPX TypeExt <====
Architecture: Any
Platform: Any
Generator: PK
====> End <====

====> BPX Section Header Table <====
Section #0:
	Type: 255
	Size (after compression): 12
	Size: 12
	Flags:  CheckWeak
Section #1:
	Type: 1
	Size (after compression): 1529
	Size: 1529
	Flags:  CheckWeak
====> End <====

