====> BPX Main Header <====
Type: P
Version: 1
File size: 3362131
Number of sections: 2
====> End <====

====> BPX TypeExt <====
04 04 50 4B 00 00 00 00 00 00 00 00 00 00 00 00 
====> End <====

====> BPX Section Header Table <====
Section #0:
	Type: 255
	Size (after compression): 7
	Size: 7
	Flags:  CheckWeak
Section #1:
	Type: 1
	Size (after compression): 3362036
	Size: 15318196
	Flags:  CompressXZ | CheckWeak
====> End <====

