====> BPX Main Header <====
Type: P
Version: 1
File size: 1629
Number of sections: 2
====> End <====

4C 49 43 45 4E 53 45 2E 74 78 74 00 
