====> BPX Main Header <====
Type: P
Version: 1
File size: 3362131
Number of sections: 2
====> End <====

